[    0.000000] Linux version 4.15.0-212-generic (buildd@lcy02-amd64-083) (gcc version 7.5.0 (Ubuntu 7.5.0-3ubuntu1~18.04)) #223-Ubuntu SMP Tue May 23 13:09:22 UTC 2023 (Ubuntu 4.15.0-212.223-generic 4.15.18)
[    0.000000] Command line: BOOT_IMAGE=/boot/vmlinuz-4.15.0-212-generic root=LABEL=cloudimg-rootfs ro console=tty1 console=ttyS0
[    0.000000] KERNEL supported cpus:
[    0.000000]   Intel GenuineIntel
[    0.000000]   AMD AuthenticAMD
[    0.000000]   Centaur CentaurHauls
[    0.000000] [Firmware Bug]: TSC doesn't count with P0 frequency!
[    0.000000] x86/fpu: Supporting XSAVE feature 0x001: 'x87 floating point registers'
[    0.000000] x86/fpu: Supporting XSAVE feature 0x002: 'SSE registers'
[    0.000000] x86/fpu: Supporting XSAVE feature 0x004: 'AVX registers'
[    0.000000] x86/fpu: xstate_offset[2]:  576, xstate_sizes[2]:  256
[    0.000000] x86/fpu: Enabled xstate features 0x7, context size is 832 bytes, using 'standard' format.
[    0.000000] e820: BIOS-provided physical RAM map:
[    0.000000] BIOS-e820: [mem 0x0000000000000000-0x000000000009fbff] usable
[    0.000000] BIOS-e820: [mem 0x000000000009fc00-0x000000000009ffff] reserved
[    0.000000] BIOS-e820: [mem 0x00000000000f0000-0x00000000000fffff] reserved
[    0.000000] BIOS-e820: [mem 0x0000000000100000-0x000000003ffeffff] usable
[    0.000000] BIOS-e820: [mem 0x000000003fff0000-0x000000003fffffff] ACPI data
[    0.000000] BIOS-e820: [mem 0x00000000fec00000-0x00000000fec00fff] reserved
[    0.000000] BIOS-e820: [mem 0x00000000fee00000-0x00000000fee00fff] reserved
[    0.000000] BIOS-e820: [mem 0x00000000fffc0000-0x00000000ffffffff] reserved
[    0.000000] NX (Execute Disable) protection: active
[    0.000000] SMBIOS 2.5 present.
[    0.000000] DMI: innotek GmbH VirtualBox/VirtualBox, BIOS VirtualBox 12/01/2006
[    0.000000] Hypervisor detected: KVM
[    0.000000] e820: last_pfn = 0x3fff0 max_arch_pfn = 0x400000000
[    0.000000] MTRR: Disabled
[    0.000000] x86/PAT: MTRRs disabled, skipping PAT initialization too.
[    0.000000] CPU MTRRs all blank - virtualized system.
[    0.000000] x86/PAT: Configuration [0-7]: WB  WT  UC- UC  WB  WT  UC- UC  
[    0.000000] found SMP MP-table at [mem 0x0009fff0-0x0009ffff]
[    0.000000] Scanning 1 areas for low memory corruption
[    0.000000] RAMDISK: [mem 0x359cb000-0x36cdcfff]
[    0.000000] ACPI: Early table checksum verification disabled
[    0.000000] ACPI: RSDP 0x00000000000E0000 000024 (v02 VBOX  )
[    0.000000] ACPI: XSDT 0x000000003FFF0030 00003C (v01 VBOX   VBOXXSDT 00000001 ASL  00000061)
[    0.000000] ACPI: FACP 0x000000003FFF00F0 0000F4 (v04 VBOX   VBOXFACP 00000001 ASL  00000061)
[    0.000000] ACPI: DSDT 0x000000003FFF0610 002353 (v02 VBOX   VBOXBIOS 00000002 INTL 20100528)
[    0.000000] ACPI: FACS 0x000000003FFF0200 000040
[    0.000000] ACPI: FACS 0x000000003FFF0200 000040
[    0.000000] ACPI: APIC 0x000000003FFF0240 00005C (v02 VBOX   VBOXAPIC 00000001 ASL  00000061)
[    0.000000] ACPI: SSDT 0x000000003FFF02A0 00036C (v01 VBOX   VBOXCPUT 00000002 INTL 20100528)
[    0.000000] ACPI: Reserving FACP table memory at [mem 0x3fff00f0-0x3fff01e3]
[    0.000000] ACPI: Reserving DSDT table memory at [mem 0x3fff0610-0x3fff2962]
[    0.000000] ACPI: Reserving FACS table memory at [mem 0x3fff0200-0x3fff023f]
[    0.000000] ACPI: Reserving FACS table memory at [mem 0x3fff0200-0x3fff023f]
[    0.000000] ACPI: Reserving APIC table memory at [mem 0x3fff0240-0x3fff029b]
[    0.000000] ACPI: Reserving SSDT table memory at [mem 0x3fff02a0-0x3fff060b]
[    0.000000] No NUMA configuration found
[    0.000000] Faking a node at [mem 0x0000000000000000-0x000000003ffeffff]
[    0.000000] NODE_DATA(0) allocated [mem 0x3ffc5000-0x3ffeffff]
[    0.000000] kvm-clock: cpu 0, msr 0:3ff44001, primary cpu clock
[    0.000000] kvm-clock: Using msrs 4b564d01 and 4b564d00
[    0.000000] kvm-clock: using sched offset of 3335001469 cycles
[    0.000000] clocksource: kvm-clock: mask: 0xffffffffffffffff max_cycles: 0x1cd42e4dffb, max_idle_ns: 881590591483 ns
[    0.000000] Zone ranges:
[    0.000000]   DMA      [mem 0x0000000000001000-0x0000000000ffffff]
[    0.000000]   DMA32    [mem 0x0000000001000000-0x000000003ffeffff]
[    0.000000]   Normal   empty
[    0.000000]   Device   empty
[    0.000000] Movable zone start for each node
[    0.000000] Early memory node ranges
[    0.000000]   node   0: [mem 0x0000000000001000-0x000000000009efff]
[    0.000000]   node   0: [mem 0x0000000000100000-0x000000003ffeffff]
[    0.000000] Reserved but unavailable: 104 pages
[    0.000000] Initmem setup node 0 [mem 0x0000000000001000-0x000000003ffeffff]
[    0.000000] ACPI: PM-Timer IO Port: 0x4008
[    0.000000] IOAPIC[0]: apic_id 2, version 32, address 0xfec00000, GSI 0-23
[    0.000000] ACPI: INT_SRC_OVR (bus 0 bus_irq 0 global_irq 2 dfl dfl)
[    0.000000] ACPI: INT_SRC_OVR (bus 0 bus_irq 9 global_irq 9 low level)
[    0.000000] Using ACPI (MADT) for SMP configuration information
[    0.000000] smpboot: Allowing 2 CPUs, 0 hotplug CPUs
[    0.000000] PM: Registered nosave memory: [mem 0x00000000-0x00000fff]
[    0.000000] PM: Registered nosave memory: [mem 0x0009f000-0x0009ffff]
[    0.000000] PM: Registered nosave memory: [mem 0x000a0000-0x000effff]
[    0.000000] PM: Registered nosave memory: [mem 0x000f0000-0x000fffff]
[    0.000000] e820: [mem 0x40000000-0xfebfffff] available for PCI devices
[    0.000000] Booting paravirtualized kernel on KVM
[    0.000000] clocksource: refined-jiffies: mask: 0xffffffff max_cycles: 0xffffffff, max_idle_ns: 7645519600211568 ns
[    0.000000] setup_percpu: NR_CPUS:8192 nr_cpumask_bits:2 nr_cpu_ids:2 nr_node_ids:1
[    0.000000] percpu: Embedded 50 pages/cpu s167936 r8192 d28672 u1048576
[    0.000000] PV qspinlock hash table entries: 256 (order: 0, 4096 bytes)
[    0.000000] Built 1 zonelists, mobility grouping on.  Total pages: 257913
[    0.000000] Policy zone: DMA32
[    0.000000] Kernel command line: BOOT_IMAGE=/boot/vmlinuz-4.15.0-212-generic root=LABEL=cloudimg-rootfs ro console=tty1 console=ttyS0
[    0.000000] Memory: 982644K/1048120K available (12300K kernel code, 2477K rwdata, 4324K rodata, 2480K init, 2720K bss, 65476K reserved, 0K cma-reserved)
[    0.000000] SLUB: HWalign=64, Order=0-3, MinObjects=0, CPUs=2, Nodes=1
[    0.000000] ftrace: allocating 39508 entries in 155 pages
[    0.004000] Hierarchical RCU implementation.
[    0.004000] 	RCU restricting CPUs from NR_CPUS=8192 to nr_cpu_ids=2.
[    0.004000] 	Tasks RCU enabled.
[    0.004000] RCU: Adjusting geometry for rcu_fanout_leaf=16, nr_cpu_ids=2
[    0.004000] NR_IRQS: 524544, nr_irqs: 440, preallocated irqs: 16
[    0.004000] random: crng init done
[    0.004000] Console: colour VGA+ 80x25
[    0.004000] console [tty1] enabled
[    0.004000] console [ttyS0] enabled
[    0.004000] ACPI: Core revision 20170831
[    0.004000] ACPI: 2 ACPI AML tables successfully acquired and loaded
[    0.004000] APIC: Switch to symmetric I/O mode setup
[    0.004000] x2apic enabled
[    0.004000] Switched APIC routing to physical x2apic.
[    0.004000] ..TIMER: vector=0x30 apic1=0 pin1=2 apic2=-1 pin2=-1
[    0.004000] tsc: Detected 3194.002 MHz processor
[    0.004000] Calibrating delay loop (skipped) preset value.. 6388.00 BogoMIPS (lpj=12776008)
[    0.004000] pid_max: default: 32768 minimum: 301
[    0.004000] Security Framework initialized
[    0.004000] Yama: becoming mindful.
[    0.004000] AppArmor: AppArmor initialized
[    0.004000] Dentry cache hash table entries: 131072 (order: 8, 1048576 bytes)
[    0.004000] Inode-cache hash table entries: 65536 (order: 7, 524288 bytes)
[    0.004000] Mount-cache hash table entries: 2048 (order: 2, 16384 bytes)
[    0.004000] Mountpoint-cache hash table entries: 2048 (order: 2, 16384 bytes)
[    0.004000] Last level iTLB entries: 4KB 1024, 2MB 1024, 4MB 512
[    0.004000] Last level dTLB entries: 4KB 1536, 2MB 1536, 4MB 768, 1GB 0
[    0.004000] Spectre V1 : Mitigation: usercopy/swapgs barriers and __user pointer sanitization
[    0.004000] Spectre V2 : Mitigation: Retpolines
[    0.004000] Spectre V2 : Spectre v2 / SpectreRSB mitigation: Filling RSB on context switch
[    0.004000] Spectre V2 : Spectre v2 / SpectreRSB : Filling RSB on VMEXIT
[    0.004000] RETBleed: Vulnerable
[    0.004000] Freeing SMP alternatives memory: 36K
[    0.120200] APIC calibration not consistent with PM-Timer: 108ms instead of 100ms
[    0.121213] APIC delta adjusted to PM-Timer: 6435431 (7013185)
[    0.122039] smpboot: CPU0: AMD Ryzen 5 1600 Six-Core Processor (family: 0x17, model: 0x8, stepping: 0x2)
[    0.123401] Performance Events: PMU not available due to virtualization, using software events only.
[    0.124000] Hierarchical SRCU implementation.
[    0.124000] NMI watchdog: Perf event create on CPU 0 failed with -2
[    0.124000] NMI watchdog: Perf NMI watchdog permanently disabled
[    0.124041] smp: Bringing up secondary CPUs ...
[    0.124789] x86: Booting SMP configuration:
[    0.125412] .... node  #0, CPUs:      #1
[    0.004000] kvm-clock: cpu 1, msr 0:3ff44041, secondary cpu clock
[    0.130574] smp: Brought up 1 node, 2 CPUs
[    0.130574] smpboot: Max logical packages: 1
[    0.130574] smpboot: Total of 2 processors activated (12776.00 BogoMIPS)
[    0.132083] devtmpfs: initialized
[    0.132525] x86/mm: Memory block size: 128MB
[    0.133229] evm: security.selinux
[    0.133708] evm: security.SMACK64
[    0.134205] evm: security.SMACK64EXEC
[    0.134736] evm: security.SMACK64TRANSMUTE
[    0.135316] evm: security.SMACK64MMAP
[    0.136002] evm: security.apparmor
[    0.136493] evm: security.ima
[    0.136946] evm: security.capability
[    0.137455] clocksource: jiffies: mask: 0xffffffff max_cycles: 0xffffffff, max_idle_ns: 7645041785100000 ns
[    0.137455] futex hash table entries: 512 (order: 3, 32768 bytes)
[    0.137455] pinctrl core: initialized pinctrl subsystem
[    0.137773] RTC time: 20:45:29, date: 05/06/24
[    0.138503] NET: Registered protocol family 16
[    0.139178] audit: initializing netlink subsys (disabled)
[    0.140018] audit: type=2000 audit(1715028333.971:1): state=initialized audit_enabled=0 res=1
[    0.144007] cpuidle: using governor ladder
[    0.144588] cpuidle: using governor menu
[    0.144762] ACPI: bus type PCI registered
[    0.144762] acpiphp: ACPI Hot Plug PCI Controller Driver version: 0.5
[    0.145508] PCI: Using configuration type 1 for base access
[    0.146255] PCI: Using configuration type 1 for extended access
[    0.148755] HugeTLB registered 2.00 MiB page size, pre-allocated 0 pages
[    0.148981] ACPI: Added _OSI(Module Device)
[    0.148981] ACPI: Added _OSI(Processor Device)
[    0.149310] ACPI: Added _OSI(3.0 _SCP Extensions)
[    0.149958] ACPI: Added _OSI(Processor Aggregator Device)
[    0.150714] ACPI: Added _OSI(Linux-Dell-Video)
[    0.151335] ACPI: Added _OSI(Linux-Lenovo-NV-HDMI-Audio)
[    0.152000] ACPI: Added _OSI(Linux-HPI-Hybrid-Graphics)
[    0.152242] ACPI: Executed 1 blocks of module-level executable AML code
[    0.156373] ACPI: Interpreter enabled
[    0.156901] ACPI: (supports S0 S5)
[    0.157375] ACPI: Using IOAPIC for interrupt routing
[    0.158256] PCI: Using host bridge windows from ACPI; if necessary, use "pci=nocrs" and report a bug
[    0.159612] ACPI: Enabled 2 GPEs in block 00 to 07
[    0.165553] ACPI: PCI Root Bridge [PCI0] (domain 0000 [bus 00-ff])
[    0.166386] acpi PNP0A03:00: _OSC: OS supports [ExtendedConfig ASPM ClockPM Segments MSI]
[    0.168000] acpi PNP0A03:00: _OSC: platform does not support [PCIeCapability]
[    0.168446] acpi PNP0A03:00: _OSC: not requesting control; platform does not support [PCIeCapability]
[    0.169705] acpi PNP0A03:00: _OSC: OS requested [PCIeHotplug PME AER PCIeCapability]
[    0.170794] acpi PNP0A03:00: _OSC: platform willing to grant [PCIeHotplug PME AER]
[    0.172003] acpi PNP0A03:00: _OSC failed (AE_SUPPORT); disabling ASPM
[    0.173164] PCI host bridge to bus 0000:00
[    0.173751] pci_bus 0000:00: root bus resource [io  0x0000-0x0cf7 window]
[    0.174648] pci_bus 0000:00: root bus resource [io  0x0d00-0xffff window]
[    0.176003] pci_bus 0000:00: root bus resource [mem 0x000a0000-0x000bffff window]
[    0.177011] pci_bus 0000:00: root bus resource [mem 0x40000000-0xfdffffff window]
[    0.178014] pci_bus 0000:00: root bus resource [bus 00-ff]
[    0.180756] pci 0000:00:01.1: legacy IDE quirk: reg 0x10: [io  0x01f0-0x01f7]
[    0.181680] pci 0000:00:01.1: legacy IDE quirk: reg 0x14: [io  0x03f6]
[    0.182651] pci 0000:00:01.1: legacy IDE quirk: reg 0x18: [io  0x0170-0x0177]
[    0.184003] pci 0000:00:01.1: legacy IDE quirk: reg 0x1c: [io  0x0376]
[    0.192385] pci 0000:00:07.0: quirk: [io  0x4000-0x403f] claimed by PIIX4 ACPI
[    0.193450] pci 0000:00:07.0: quirk: [io  0x4100-0x410f] claimed by PIIX4 SMB
[    0.197447] ACPI: PCI Interrupt Link [LNKA] (IRQs 5 9 10 *11)
[    0.198575] ACPI: PCI Interrupt Link [LNKB] (IRQs 5 9 *10 11)
[    0.199640] ACPI: PCI Interrupt Link [LNKC] (IRQs 5 *9 10 11)
[    0.200101] ACPI: PCI Interrupt Link [LNKD] (IRQs 5 9 10 *11)
[    0.201312] SCSI subsystem initialized
[    0.204039] pci 0000:00:02.0: vgaarb: setting as boot VGA device
[    0.204855] pci 0000:00:02.0: vgaarb: VGA device added: decodes=io+mem,owns=io+mem,locks=none
[    0.208005] pci 0000:00:02.0: vgaarb: bridge control possible
[    0.208005] vgaarb: loaded
[    0.208492] ACPI: bus type USB registered
[    0.209188] usbcore: registered new interface driver usbfs
[    0.210035] usbcore: registered new interface driver hub
[    0.210818] usbcore: registered new device driver usb
[    0.212016] EDAC MC: Ver: 3.0.0
[    0.212663] PCI: Using ACPI for IRQ routing
[    0.212800] NetLabel: Initializing
[    0.213297] NetLabel:  domain hash size = 128
[    0.216002] NetLabel:  protocols = UNLABELED CIPSOv4 CALIPSO
[    0.216843] NetLabel:  unlabeled traffic allowed by default
[    0.217667] clocksource: Switched to clocksource kvm-clock
[    0.224989] VFS: Disk quotas dquot_6.6.0
[    0.225618] VFS: Dquot-cache hash table entries: 512 (order 0, 4096 bytes)
[    0.226373] AppArmor: AppArmor Filesystem Enabled
[    0.226373] pnp: PnP ACPI init
[    0.226373] pnp: PnP ACPI: found 3 devices
[    0.236584] clocksource: acpi_pm: mask: 0xffffff max_cycles: 0xffffff, max_idle_ns: 2085701024 ns
[    0.237826] NET: Registered protocol family 2
[    0.238486] IP idents hash table entries: 16384 (order: 5, 131072 bytes)
[    0.239591] TCP established hash table entries: 8192 (order: 4, 65536 bytes)
[    0.240555] TCP bind hash table entries: 8192 (order: 5, 131072 bytes)
[    0.241459] TCP: Hash tables configured (established 8192 bind 8192)
[    0.242353] UDP hash table entries: 512 (order: 2, 16384 bytes)
[    0.243173] UDP-Lite hash table entries: 512 (order: 2, 16384 bytes)
[    0.244066] NET: Registered protocol family 1
[    0.244538] pci 0000:00:00.0: Limiting direct PCI/PCI transfers
[    0.244538] pci 0000:00:01.0: Activating ISA DMA hang workarounds
[    0.244538] pci 0000:00:02.0: Video device with shadowed ROM at [mem 0x000c0000-0x000dffff]
[    0.244538] Unpacking initramfs...
[    0.244538] Freeing initrd memory: 19528K
[    0.244538] clocksource: tsc: mask: 0xffffffffffffffff max_cycles: 0x2e0a27ea444, max_idle_ns: 440795348232 ns
[    0.244538] platform rtc_cmos: registered platform RTC device (no PNP device found)
[    0.244538] Scanning for low memory corruption every 60 seconds
[    0.489304] Initialise system trusted keyrings
[    0.489936] Key type blacklist registered
[    0.490556] workingset: timestamp_bits=36 max_order=18 bucket_order=0
[    0.492103] zbud: loaded
[    0.492998] squashfs: version 4.0 (2009/01/31) Phillip Lougher
[    0.493939] fuse init (API version 7.26)
[    0.497249] Key type asymmetric registered
[    0.497852] Asymmetric key parser 'x509' registered
[    0.498574] Block layer SCSI generic (bsg) driver version 0.4 loaded (major 246)
[    0.499657] io scheduler noop registered
[    0.500250] io scheduler deadline registered
[    0.500915] io scheduler cfq registered (default)
[    0.501829] ACPI: AC Adapter [AC] (on-line)
[    0.502499] input: Power Button as /devices/LNXSYSTM:00/LNXPWRBN:00/input/input0
[    0.503690] ACPI: Power Button [PWRF]
[    0.504273] input: Sleep Button as /devices/LNXSYSTM:00/LNXSLPBN:00/input/input1
[    0.505369] ACPI: Sleep Button [SLPF]
[    0.506187] Serial: 8250/16550 driver, 32 ports, IRQ sharing enabled
[    0.527631] 00:02: ttyS0 at I/O 0x3f8 (irq = 4, base_baud = 115200) is a 16550A
[    0.530393] Linux agpgart interface v0.103
[    0.532323] loop: module loaded
[    0.533203] scsi host0: ata_piix
[    0.533788] scsi host1: ata_piix
[    0.534285] ata1: PATA max UDMA/33 cmd 0x1f0 ctl 0x3f6 bmdma 0xd000 irq 14
[    0.535168] ata2: PATA max UDMA/33 cmd 0x170 ctl 0x376 bmdma 0xd008 irq 15
[    0.536345] tun: Universal TUN/TAP device driver, 1.6
[    0.537076] PPP generic driver version 2.4.2
[    0.537715] ehci_hcd: USB 2.0 'Enhanced' Host Controller (EHCI) Driver
[    0.538609] ehci-pci: EHCI PCI platform driver
[    0.539238] ehci-platform: EHCI generic platform driver
[    0.539972] ohci_hcd: USB 1.1 'Open' Host Controller (OHCI) Driver
[    0.540847] ohci-pci: OHCI PCI platform driver
[    0.541594] ohci-platform: OHCI generic platform driver
[    0.542347] uhci_hcd: USB Universal Host Controller Interface driver
[    0.543266] i8042: PNP: PS/2 Controller [PNP0303:PS2K,PNP0f03:PS2M] at 0x60,0x64 irq 1,12
[    0.544828] serio: i8042 KBD port at 0x60,0x64 irq 1
[    0.545545] serio: i8042 AUX port at 0x60,0x64 irq 12
[    0.546336] mousedev: PS/2 mouse device common for all mice
[    0.547549] input: AT Translated Set 2 keyboard as /devices/platform/i8042/serio0/input/input2
[    0.548567] rtc_cmos rtc_cmos: rtc core: registered rtc_cmos as rtc0
[    0.549687] rtc_cmos rtc_cmos: alarms up to one day, 114 bytes nvram
[    0.550524] i2c /dev entries driver
[    0.551049] device-mapper: uevent: version 1.0.3
[    0.551769] device-mapper: ioctl: 4.37.0-ioctl (2017-09-20) initialised: dm-devel@redhat.com
[    0.552998] ledtrig-cpu: registered to indicate activity on CPUs
[    0.554117] NET: Registered protocol family 10
[    0.557317] Segment Routing with IPv6
[    0.557876] NET: Registered protocol family 17
[    0.558536] Key type dns_resolver registered
[    0.559357] mce: Using 0 MCE banks
[    0.559908] RAS: Correctable Errors collector initialized.
[    0.560679] sched_clock: Marking stable (560659666, 0)->(699977775, -139318109)
[    0.561957] registered taskstats version 1
[    0.562543] Loading compiled-in X.509 certificates
[    0.564772] Loaded X.509 cert 'Build time autogenerated kernel key: b5b26778eaa3ab3a4a6cee031137706e947d12ad'
[    0.566659] Loaded X.509 cert 'Canonical Ltd. Live Patch Signing: 14df34d1a87cf37625abec039ef2bf521249b969'
[    0.568460] Loaded X.509 cert 'Canonical Ltd. Kernel Module Signing: 88f752e560a1e0737e31163a466ad7b70a850c19'
[    0.569893] blacklist: Loading compiled-in revocation X.509 certificates
[    0.570810] Loaded X.509 cert 'Canonical Ltd. Secure Boot Signing: 61482aa2830d0ab2ad5af10b7250da9033ddcef0'
[    0.572131] Loaded X.509 cert 'Canonical Ltd. Secure Boot Signing (2017): 242ade75ac4a15e50d50c84b0d45ff3eae707a03'
[    0.573524] Loaded X.509 cert 'Canonical Ltd. Secure Boot Signing (ESM 2018): 365188c1d374d6b07c3c8f240f8ef722433d6a8b'
[    0.574966] Loaded X.509 cert 'Canonical Ltd. Secure Boot Signing (2019): c0746fd6c5da3ae827864651ad66ae47fe24b3e8'
[    0.576330] Loaded X.509 cert 'Canonical Ltd. Secure Boot Signing (2021 v1): a8d54bbb3825cfb94fa13c9f8a594a195c107b8d'
[    0.577732] Loaded X.509 cert 'Canonical Ltd. Secure Boot Signing (2021 v2): 4cf046892d6fd3c9a5b03f98d845f90851dc6a8c'
[    0.579152] Loaded X.509 cert 'Canonical Ltd. Secure Boot Signing (2021 v3): 100437bb6de6e469b581e61cd66bce3ef4ed53af'
[    0.580578] Loaded X.509 cert 'Canonical Ltd. Secure Boot Signing (Ubuntu Core 2019): c1d57b8f6b743f23ee41f4f7ee292f06eecadfb9'
[    0.582089] zswap: loaded using pool lzo/zbud
[    0.584963] Key type big_key registered
[    0.585551] Key type trusted registered
[    0.587180] Key type encrypted registered
[    0.587780] AppArmor: AppArmor sha1 policy hashing enabled
[    0.588638] ima: No TPM chip found, activating TPM-bypass! (rc=-19)
[    0.589486] ima: Allocated hash algorithm: sha1
[    0.590118] evm: HMAC attrs: 0x1
[    0.590755]   Magic number: 8:801:800
[    0.591313]   hash matches /build/linux-Oi1dQn/linux-4.15.0/drivers/base/power/main.c:647
[    0.592528]   hash matches /build/linux-Oi1dQn/linux-4.15.0/drivers/base/power/main.c:599
[    0.593730] rtc_cmos rtc_cmos: setting system clock to 2024-05-06 20:45:30 UTC (1715028330)
[    0.594933] BIOS EDD facility v0.16 2004-Jun-25, 0 devices found
[    0.595761] EDD information not available.
[    0.723641] Freeing unused kernel image memory: 2480K
[    0.739914] Write protecting the kernel read-only data: 20480k
[    0.741268] Freeing unused kernel image memory: 2008K
[    0.742288] Freeing unused kernel image memory: 1820K
[    0.750320] x86/mm: Checked W+X mappings: passed, no W+X pages found.
Loading, please wait...
starting version 237
[    0.794876] Fusion MPT base driver 3.04.20
[    0.795510] Copyright (c) 1999-2008 LSI Corporation
[    0.796581] e1000: Intel(R) PRO/1000 Network Driver - version 7.3.21-k8-NAPI
[    0.797608] e1000: Copyright (c) 1999-2006 Intel Corporation.
[    0.804779] Fusion MPT SPI Host driver 3.04.20
[    0.815262] AVX2 version of gcm_enc/dec engaged.
[    0.816019] AES CTR mode by8 optimization enabled
[    1.015788] input: ImExPS/2 Generic Explorer Mouse as /devices/platform/i8042/serio1/input/input4
[    1.259455] e1000 0000:00:03.0 eth0: (PCI:33MHz:32-bit) 02:3b:7b:b7:3b:2d
[    1.260482] e1000 0000:00:03.0 eth0: Intel(R) PRO/1000 Network Connection
[    1.262070] mptbase: ioc0: Initiating bringup
[    1.262293] e1000 0000:00:03.0 enp0s3: renamed from eth0
[    2.236727] ioc0: LSI53C1030 A0: Capabilities={Initiator}
[    2.477439] scsi host2: ioc0: LSI53C1030 A0, FwRev=00000000h, Ports=1, MaxQ=256, IRQ=20
[    3.388526] scsi 2:0:0:0: Direct-Access     VBOX     HARDDISK         1.0  PQ: 0 ANSI: 5
[    3.544518] scsi target2:0:0: Beginning Domain Validation
[    3.545911] scsi target2:0:0: Domain Validation skipping write tests
[    3.546828] scsi target2:0:0: Ending Domain Validation
[    3.547609] scsi target2:0:0: asynchronous
[    3.548419] scsi 2:0:1:0: Direct-Access     VBOX     HARDDISK         1.0  PQ: 0 ANSI: 5
[    4.234357] scsi target2:0:1: Beginning Domain Validation
[    4.235917] scsi target2:0:1: Domain Validation skipping write tests
[    4.236807] scsi target2:0:1: Ending Domain Validation
[    4.237602] scsi target2:0:1: asynchronous
[    4.241152] sd 2:0:0:0: Attached scsi generic sg0 type 0
[    4.242180] sd 2:0:0:0: [sda] 83886080 512-byte logical blocks: (42.9 GB/40.0 GiB)
[    4.242319] sd 2:0:1:0: [sdb] 20480 512-byte logical blocks: (10.5 MB/10.0 MiB)
[    4.243391] sd 2:0:1:0: Attached scsi generic sg1 type 0
[    4.244572] sd 2:0:0:0: [sda] Write Protect is off
[    4.246240] sd 2:0:1:0: [sdb] Write Protect is off
[    4.246292] sd 2:0:0:0: [sda] Incomplete mode parameter data
[    4.248026] sd 2:0:0:0: [sda] Assuming drive cache: write through
[    4.249430] sd 2:0:1:0: [sdb] Incomplete mode parameter data
[    4.250576] sd 2:0:1:0: [sdb] Assuming drive cache: write through
[    4.318910]  sda: sda1
[    4.320271] sd 2:0:0:0: [sda] Attached SCSI disk
[    4.322537] sd 2:0:1:0: [sdb] Attached SCSI disk
Begin: Loading essential drivers ... [    5.720231] raid6: sse2x1   gen()  7272 MB/s
[    5.768466] raid6: sse2x1   xor()  6831 MB/s
[    5.816166] raid6: sse2x2   gen() 14413 MB/s
[    5.864307] raid6: sse2x2   xor()  9281 MB/s
[    5.912384] raid6: sse2x4   gen() 14936 MB/s
[    5.960482] raid6: sse2x4   xor()  7338 MB/s
[    6.008018] raid6: avx2x1   gen() 16729 MB/s
[    6.056040] raid6: avx2x1   xor() 11975 MB/s
[    6.104095] raid6: avx2x2   gen() 22267 MB/s
[    6.152270] raid6: avx2x2   xor() 13295 MB/s
[    6.200016] raid6: avx2x4   gen() 22585 MB/s
[    6.248013] raid6: avx2x4   xor() 11258 MB/s
[    6.248774] raid6: using algorithm avx2x4 gen() 22585 MB/s
[    6.249681] raid6: .... xor() 11258 MB/s, rmw enabled
[    6.250534] raid6: using avx2x2 recovery algorithm
[    6.252503] xor: automatically using best checksumming function   avx       
[    6.254323] async_tx: api initialized (async)
done.
Begin: Running /scripts/init-premount ... done.
Begin: Mounting root file system ... Begin: Running /scripts/local-top ... done.
Begin: Running /scripts/local-premount ... [    6.289083] Btrfs loaded, crc32c=crc32c-intel
Scanning for Btrfs filesystems
done.
Warning: fsck not present, so skipping root file system
[    6.342930] EXT4-fs (sda1): mounted filesystem with ordered data mode. Opts: (null)
done.
Begin: Running /scripts/local-bottom ... done.
Begin: Running /scripts/init-bottom ... done.
[    6.569343] ip_tables: (C) 2000-2006 Netfilter Core Team
[    6.583560] systemd[1]: systemd 237 running in system mode. (+PAM +AUDIT +SELINUX +IMA +APPARMOR +SMACK +SYSVINIT +UTMP +LIBCRYPTSETUP +GCRYPT +GNUTLS +ACL +XZ +LZ4 +SECCOMP +BLKID +ELFUTILS +KMOD -IDN2 +IDN -PCRE2 default-hierarchy=hybrid)
[    6.586548] systemd[1]: Detected virtualization oracle.
[    6.587310] systemd[1]: Detected architecture x86-64.

Welcome to [1mUbuntu 18.04.6 LTS[0m!

[    6.593150] systemd[1]: Set hostname to <ubuntu>.
[    6.597478] systemd[1]: Initializing machine ID from random generator.
[    6.598373] systemd[1]: Installed transient /etc/machine-id file.
[    6.893893] systemd[1]: Started Forward Password Requests to Wall Directory Watch.
[[0;32m  OK  [0m] Started Forward Password Requests to Wall Directory Watch.
[    6.895851] systemd[1]: Reached target System Time Synchronized.
[[0;32m  OK  [0m] Reached target System Time Synchronized.
[    6.897357] systemd[1]: Reached target Swap.
[[0;32m  OK  [0m] Reached target Swap.
[    6.898461] systemd[1]: Reached target User and Group Name Lookups.
[[0;32m  OK  [0m] Reached target User and Group Name Lookups.
[[0;32m  OK  [0m] Created slice System Slice.
[[0;32m  OK  [0m] Listening on Journal Socket (/dev/log).
[[0;32m  OK  [0m] Listening on LVM2 metadata daemon socket.
[[0;32m  OK  [0m] Listening on Journal Socket.
[[0;32m  OK  [0m] Listening on Syslog Socket.
[[0;32m  OK  [0m] Listening on LVM2 poll daemon socket.
[[0;32m  OK  [0m] Listening on fsck to fsckd communication Socket.
[[0;32m  OK  [0m] Listening on Device-mapper event daemon FIFOs.
         Mounting Kernel Debug File System...
[[0;32m  OK  [0m] Listening on udev Control Socket.
[[0;32m  OK  [0m] Set up automount Arbitrary Executabâ€¦rmats File System Automount Point.
[[0;32m  OK  [0m] Created slice system-serial\x2dgetty.slice.
         Starting Create list of required stâ€¦ce nodes for the current kernel...
[[0;32m  OK  [0m] Created slice User and Session Slice.
         Starting Set the console keyboard layout...
[[0;32m  OK  [0m] Reached target Slices.
         Mounting POSIX Message Queue File System...
[[0;32m  OK  [0m] Listening on Network Service Netlink Socket.
[[0;32m  OK  [0m] Listening on /dev/initctl Compatibility Named Pipe.
         Starting Uncomplicated firewall...
         Starting Monitoring of LVM2 mirrorsâ€¦ng dmeventd or progress polling...
         Starting File System Check on Root Device...
         Mounting Huge Pages File System...
[[0;32m  OK  [0m] Listening on udev Kernel Socket.
         Starting udev Coldplug all Devices...
[[0;32m  OK  [0m] Reached target Mounting snaps.
[[0;32m  OK  [0m] Reached target Mounted snaps.
         Starting Load Kernel Modules...
[[0;32m  OK  [0m] Listening on Journal Audit Socket.
         Starting Journal Service...
[[0;32m  OK  [0m] Mounted Kernel Debug File System.
[[0;32m  OK  [0m] Started Create list of required staâ€¦vice nodes for the current kernel.
[[0;32m  OK  [0m] Mounted POSIX Message Queue File System.
[[0;32m  OK  [0m] Started File System Check on Root Device.
[[0;32m  OK  [0m] Mounted Huge Pages File System.
[[0;32m  OK  [0m] Started Uncomplicated firewall.
[[0;32m  OK  [0m] Started LVM2 metadata daemon.
[[0;32m  OK  [0m] Started File System Check Daemon[    7.365342] Loading iSCSI transport class v2.0-870.
 to report status.
         Starting Remount Root and Kernel File Systems...
         Starting Create Static Device Nodes in /dev...
[    7.372279] iscsi: registered transport (tcp)
[[0;32m  OK  [0m] Started udev Coldplug all Devices.
[[0;32m  OK  [0m] Started Journal Service.
[    7.456923] EXT4-fs (sda1): re-mounted. Opts: (null)
[[0;32m  OK  [0m] Started Create Static Device Nodes in /dev.
[[0;32m  OK  [0m] Started Remount Root and Kernel File Systems.
         Starting Flush Journal to Persistent Storage...
[    7.462360] iscsi: registered transport (iser)
         Starting Load/Save Random Seed...
         Starting udev Kernel Device Manager...
[[0;32m  OK  [0m] Started Monitoring of LVM2 mirrors,â€¦sing dmeventd or progress polling.
[[0;32m  OK  [0m] Started Load Kernel Modules.
         Starting Apply Kernel Variables...
         Mounting FUSE Control File System...
         Mounting Kernel Configuration File System...
[[0;32m  OK  [0m] Mounted Kernel Configuration File System.
[    7.495082] systemd-journald[413]: Received request to flush runtime journal from PID 1
[[0;32m  OK  [0m] Mounted FUSE Control File System.
[[0;32m  OK  [0m] Started Load/Save Random Seed.
[[0;32m  OK  [0m] Started udev Kernel Device Manager.
[[0;32m  OK  [0m] Started Apply Kernel Variables.
[[0;32m  OK  [0m] Started Flush Journal to Persistent Storage.
[[0;32m  OK  [0m] Found device /dev/ttyS0.
[[0;32m  OK  [0m] Listening on Load/Save RF Kill Switch Status /dev/rfkill Watch.
[[0;32m  OK  [0m] Started Set the console keyboard layout.
[[0;32m  OK  [0m] Reached target Local File Systems (Pre).
[[0;32m  OK  [0m] Reached target Local File Systems.
         Starting Set console font and keymap...
         Starting Create Volatile Files and Directories...
         Starting ebtables ruleset management...
         Starting Commit a transient machine-id on disk...
         Starting Tell Plymouth To Write Out Runtime Data...
         Starting AppArmor initialization...
[[0;32m  OK  [0m] Started Dispatch Password Requests to Console Directory Watch.
[[0;32m  OK  [0m] Reached target Local Encrypted Volumes.
         Mounting Arbitrary Executable File Formats File System...
[[0;32m  OK  [0m] Started Tell Plymouth To Write Out Runtime Data.
[[0;32m  OK  [0m] Started Create Volatile Files and Directories.
         Starting Update UTMP about System Boot/Shutdown...
[[0;32m  OK  [0m] Mounted Arbitrary Executable File Formats File System.
[[0;32m  OK  [0m] Started Update UTMP about System Boot/Shutdown.
[[0;32m  OK  [0m] Started Commit a transient machine-id on disk.
[[0;32m  OK  [0m] Started ebtables ruleset management.
[[0;32m  OK  [0m] Started Set console font and keymap.
[[0;32m  OK  [0m] Started AppArmor initialization.
         Starting Initial cloud-init job (pre-networking)...
         Starting Load AppArmor profiles managed internally by snapd...
[[0;32m  OK  [0m] Started Load AppArmor profiles managed internally by snapd.
[   10.589104] cloud-init[794]: Cloud-init v. 23.1.2-0ubuntu0~18.04.1 running 'init-local' at Mon, 06 May 2024 20:45:39 +0000. Up 10.06 seconds.
[[0;32m  OK  [0m] Started Initial cloud-init job (pre-networking).
[[0;32m  OK  [0m] Reached target Network (Pre).
         Starting Network Service...
[[0;32m  OK  [0m] Started Network Service.
         Starting Network Name Resolution...
         Starting Wait for Network to be Configured...
[[0;32m  OK  [0m] Started Network Name Resolution.
[[0;32m  OK  [0m] Reached target Host and Network Name Lookups.
[[0;32m  OK  [0m] Reached target Network.
[[0;32m  OK  [0m] Started Wait for Network to be Configured.
         Starting Initial cloud-init job (metadata service crawler)...
[   13.136198] cloud-init[930]: Cloud-init v. 23.1.2-0ubuntu0~18.04.1 running 'init' at Mon, 06 May 2024 20:45:42 +0000. Up 12.80 seconds.
[   13.137455] cloud-init[930]: ci-info: ++++++++++++++++++++++++++++++++++++++Net device info++++++++++++++++++++++++++++++++++++++
[   13.138904] cloud-init[930]: ci-info: +--------+------+----------------------------+---------------+--------+-------------------+
[   13.140171] cloud-init[930]: ci-info: | Device |  Up  |          Address           |      Mask     | Scope  |     Hw-Address    |
[   13.156314] cloud-init[930]: ci-info: +--------+------+----------------------------+---------------+--------+-------------------+
[   13.157900] cloud-init[930]: ci-info: | enp0s3 | True |         10.0.2.15          | 255.255.255.0 | global | 02:3b:7b:b7:3b:2d |
[   13.159297] cloud-init[930]: ci-info: | enp0s3 | True | fe80::3b:7bff:feb7:3b2d/64 |       .       |  link  | 02:3b:7b:b7:3b:2d |
[   13.160604] cloud-init[930]: ci-info: |   lo   | True |         127.0.0.1          |   255.0.0.0   |  host  |         .         |
[   13.161827] cloud-init[930]: ci-info: |   lo   | True |          ::1/128           |       .       |  host  |         .         |
[   13.163001] cloud-init[930]: ci-info: +--------+------+----------------------------+---------------+--------+-------------------+
[   13.164514] cloud-init[930]: ci-info: ++++++++++++++++++++++++++++Route IPv4 info+++++++++++++++++++++++++++++
[   13.165951] cloud-init[930]: ci-info: +-------+-------------+----------+-----------------+-----------+-------+
[   13.167260] cloud-init[930]: ci-info: | Route | Destination | Gateway  |     Genmask     | Interface | Flags |
[   13.168677] cloud-init[930]: ci-info: +-------+-------------+----------+-----------------+-----------+-------+
[   13.169777] cloud-init[930]: ci-info: |   0   |   0.0.0.0   | 10.0.2.2 |     0.0.0.0     |   enp0s3  |   UG  |
[   13.170876] cloud-init[930]: ci-info: |   1   |   10.0.2.0  | 0.0.0.0  |  255.255.255.0  |   enp0s3  |   U   |
[   13.172009] cloud-init[930]: ci-info: |   2   |   10.0.2.2  | 0.0.0.0  | 255.255.255.255 |   enp0s3  |   UH  |
[   13.173403] cloud-init[930]: ci-info: +-------+-------------+----------+-----------------+-----------+-------+
[   13.174561] cloud-init[930]: ci-info: +++++++++++++++++++Route IPv6 info+++++++++++++++++++
[   13.175769] cloud-init[930]: ci-info: +-------+-------------+---------+-----------+-------+
[   13.176916] cloud-init[930]: ci-info: | Route | Destination | Gateway | Interface | Flags |
[   13.178045] cloud-init[930]: ci-info: +-------+-------------+---------+-----------+-------+
[   13.179156] cloud-init[930]: ci-info: |   1   |  fe80::/64  |    ::   |   enp0s3  |   U   |
[   13.180113] cloud-init[930]: ci-info: |   3   |    local    |    ::   |   enp0s3  |   U   |
[   13.180994] cloud-init[930]: ci-info: |   4   |   ff00::/8  |    ::   |   enp0s3  |   U   |
[   13.181945] cloud-init[930]: ci-info: +-------+-------------+---------+-----------+-------+
[   15.046830] cloud-init[930]: Generating public/private rsa key pair.
[   15.047742] cloud-init[930]: Your identification has been saved in /etc/ssh/ssh_host_rsa_key.
[   15.049114] cloud-init[930]: Your public key has been saved in /etc/ssh/ssh_host_rsa_key.pub.
[   15.050302] cloud-init[930]: The key fingerprint is:
[   15.051034] cloud-init[930]: SHA256:UfIuBW7fN5QqCkVnBJUZ8idebBQ5zCyYkErBKOrIkbw root@ubuntu-bionic
[   15.052168] cloud-init[930]: The key's randomart image is:
[   15.053137] cloud-init[930]: +---[RSA 2048]----+
[   15.053931] cloud-init[930]: |   o...o**BBoo   |
[   15.054652] cloud-init[930]: |. . o .ooX+o*  . |
[   15.055501] cloud-init[930]: |o... .  = =.=.o  |
[   15.056363] cloud-init[930]: |.+  .  o * * o   |
[   15.057200] cloud-init[930]: |+ o   . S = o o  |
[   15.058023] cloud-init[930]: |.E     . o . . . |
[   15.058759] cloud-init[930]: |        .        |
[   15.059479] cloud-init[930]: |                 |
[   15.060391] cloud-init[930]: |                 |
[   15.061062] cloud-init[930]: +----[SHA256]-----+
[   15.061674] cloud-init[930]: Generating public/private dsa key pair.
[   15.062710] cloud-init[930]: Your identification has been saved in /etc/ssh/ssh_host_dsa_key.
[   15.063677] cloud-init[930]: Your public key has been saved in /etc/ssh/ssh_host_dsa_key.pub.
[   15.064995] cloud-init[930]: The key fingerprint is:
[   15.065763] cloud-init[930]: SHA256:hkrty4RZDwPJpKxNucSsmLVrpJoZmCRZ4Rvm1lz8fYI root@ubuntu-bionic
[   15.067039] cloud-init[930]: The key's randomart image is:
[   15.067977] cloud-init[930]: +---[DSA 1024]----+
[   15.068622] cloud-init[930]: |  . .            |
[   15.069496] cloud-init[930]: | = * o           |
[   15.070338] cloud-init[930]: |  # + o          |
[   15.071074] cloud-init[930]: |.& B + o o       |
[   15.071748] cloud-init[930]: |B.O + * E o .    |
[   15.072550] cloud-init[930]: |+= o * =   o     |
[   15.073171] cloud-init[930]: |= o + o .        |
[   15.073712] cloud-init[930]: |.=   o .         |
[   15.074479] cloud-init[930]: |+     o          |
[   15.075212] cloud-init[930]: +----[SHA256]-----+
[   15.088555] cloud-init[930]: Generating public/private ecdsa key pair.
[   15.089718] cloud-init[930]: Your identification has been saved in /etc/ssh/ssh_host_ecdsa_key.
[   15.090958] cloud-init[930]: Your public key has been saved in /etc/ssh/ssh_host_ecdsa_key.pub.
[   15.092074] cloud-init[930]: The key fingerprint is:
[   15.092741] cloud-init[930]: SHA256:A5awp8iv+awaNM02qzAuWum9ayHSr8hiPEnP+lK3Ius root@ubuntu-bionic
[   15.094079] cloud-init[930]: The key's randomart image is:
[   15.094975] cloud-init[930]: +---[ECDSA 256]---+
[   15.095694] cloud-init[930]: |    .            |
[   15.096605] cloud-init[930]: |     o .         |
[   15.097334] cloud-init[930]: |    . =          |
[   15.098058] cloud-init[930]: | .o. + .         |
[   15.098928] cloud-init[930]: | +o=.   S        |
[   15.099959] cloud-init[930]: |o.=++.   .       |
[   15.100748] cloud-init[930]: |*.B+o..          |
[   15.101599] cloud-init[930]: |*&.Oo.           |
[   15.102364] cloud-init[930]: |XE&*Bo           |
[   15.103132] cloud-init[930]: [[0;32m  OK  [0m] Started Initial cloud-init job (metadata service crawler).
[[0;32m  OK  [0m] Reached target Cloud-config availability.
[[0;32m  OK  [0m] Reached target Network is Online.
+----[SHA256]-----+
[   15.106062] cloud-init[930]: Generating public/private ed25519 key pair.
[   15.106952] cloud-init[930]: Your identification has been saved in /etc/ssh/ssh_host_ed25519_key.
[   15.108133] cloud-init[930]: Your public key has been saved in /etc/ssh/ssh_host_ed25519_key.pub.
[   15.109036] cloud-init[930]: The key fingerprint is:
[   15.109802] cloud-init[930]: SHA256:arqtdTg8xMjOM8NmyNCmyrR0SyKN1n24a3xqxkPGX0c root@ubuntu-bionic
[   15.110730] cloud-init[930]: The key's randomart image is:
[   15.111383] cloud-init[930]: +--[ED25519 256]--+
[   15.111971] cloud-init[930]: |                 |
[   15.112590] cloud-init[930]: |                 |
[   15.113206] cloud-init[930]: |                 |
[   15.113808] cloud-init[930]: | . . o     E     |
[   15.114472] cloud-init[930]: |. o + o S .      |
[   15.115032] cloud-init[930]: | B.=.*.o . .     |
[   15.115657] cloud-init[930]: |+=++#oX.o .      |
[   15.116314] cloud-init[930]: |B =o./o*         |
[   15.116906] cloud-init[930]: |.o .B**          |
[   15.117560] cloud-init[930]: +----[SHA256]-----+
         Starting Availability of block devices...
[[0;32m  OK  [0m] Reached target Remote File Systems (Pre).
[[0;32m  OK  [0m] Reached target Remote File Systems.
[[0;32m  OK  [0m] Reached target System Initialization.
[[0;32m  OK  [0m] Listening on UUID daemon activation socket.
         Starting Socket activation for snappy daemon.
[[0;32m  OK  [0m] Started ACPI Events Check.
[[0;32m  OK  [0m] Started Ubuntu Advantage Timer for running repeated jobs.
[[0;32m  OK  [0m] Reached target Paths.
[[0;32m  OK  [0m] Listening on Open-iSCSI iscsid Socket.
[[0;32m  OK  [0m] Listening on cloud-init hotplug hook socket.
[[0;32m  OK  [0m] Started Discard unused blocks once a week.
         Starting LXD - unix socket.
[[0;32m  OK  [0m] Started Daily apt download activities.
[[0;32m  OK  [0m] Started Daily apt upgrade and clean activities.
[[0;32m  OK  [0m] Listening on D-Bus System Message Bus Socket.
[[0;32m  OK  [0m] Started Message of the Day.
[[0;32m  OK  [0m] Started Daily Cleanup of Temporary Directories.
[[0;32m  OK  [0m] Reached target Timers.
[[0;32m  OK  [0m] Listening on ACPID Listen Socket.
[[0;32m  OK  [0m] Started Availability of block devices.
[[0;32m  OK  [0m] Listening on Socket activation for snappy daemon.
[[0;32m  OK  [0m] Listening on LXD - unix socket.
[[0;32m  OK  [0m] Reached target Sockets.
[[0;32m  OK  [0m] Reached target Basic System.
[[0;32m  OK  [0m] Reached target Login Prompts (Pre).
         Starting LXD - container startup/shutdown...
[[0;32m  OK  [0m] Started D-Bus System Message Bus.
[[0;32m  OK  [0m] Started Regular background program processing daemon.
         Starting System Logging Service...
[[0;32m  OK  [0m] Started irqbalance daemon.
         Starting LSB: Record successful boot for GRUB...
         Starting Login Service...
         Starting Pollinate to seed the pseudo random number generator...
[[0;32m  OK  [0m] Started FUSE filesystem for LXC.
         Starting LSB: automatic crash report generation...
         Starting Dispatcher daemon for systemd-networkd...
         Starting Virtualbox guest utils...
         Starting Permit User Sessions...
[[0;32m  OK  [0m] Started Deferred execution scheduler.
         Starting Snap Daemon...
         Starting Accounts Service...
[[0;32m  OK  [0m] Started System Logging Service.
[[0;32m  OK  [0m] Started LXD - container startup/shutdown.
[[0;32m  OK  [0m] Started Login Service.
[[0;32m  OK  [0m] Started Unattended Upgrades Shutdown.
[[0;32m  OK  [0m] Started Permit User Sessions.
         Starting Hold until boot process finishes up...
         Starting Terminate Plymouth Boot Screen...
[[0;32m  OK  [0m] Started Hold until boot process finishes up.
[[0;32m  OK  [0m] Started Serial Getty on ttyS0.
         Starting Set console scheme...
[[0;32m  OK  [0m] Started Terminate Plymouth Boot Screen.
[[0;32m  OK  [0m] Started LSB: automatic crash report generation.
[[0;32m  OK  [0m] Started Set console scheme.
[[0;32m  OK  [0m] Created slice system-getty.slice.
[[0;32m  OK  [0m] Started Getty on tty1.
[[0;32m  OK  [0m] Reached target Login Prompts.
[[0;32m  OK  [0m] Started LSB: Record successful boot for GRUB.
         Starting Authorization Manager...
[[0;32m  OK  [0m] Started Authorization Manager.
[[0;32m  OK  [0m] Started Accounts Service.
[[0;32m  OK  [0m] Started Virtualbox guest utils.
[[0;32m  OK  [0m] Started Dispatcher daemon for systemd-networkd.
[[0;32m  OK  [0m] Started Snap Daemon.
         Starting Wait until snapd is fully seeded...
[[0;32m  OK  [0m] Started Pollinate to seed the pseudo random number generator.
         Starting OpenBSD Secure Shell server...
[[0;32m  OK  [0m] Started OpenBSD Secure Shell server.
         Starting Time & Date Service...
[[0;32m  OK  [0m] Created slice User Slice of vagrant.
[[0;32m  OK  [0m] Started Time & Date Service.
[[0;32m  OK  [0m] Started Session 1 of user vagrant.
         Starting User Manager for UID 1000...
[[0;32m  OK  [0m] Started User Manager for UID 1000.

Ubuntu 18.04.6 LTS ubuntu-bionic ttyS0

ubuntu-bionic login: [   22.037574] cloud-init[1706]: Cloud-init v. 23.1.2-0ubuntu0~18.04.1 running 'modules:config' at Mon, 06 May 2024 20:45:51 +0000. Up 21.52 seconds.
ci-info: no authorized SSH keys fingerprints found for user ubuntu.
<14>May  6 20:45:52 cloud-init: #############################################################
<14>May  6 20:45:52 cloud-init: -----BEGIN SSH HOST KEY FINGERPRINTS-----
<14>May  6 20:45:52 cloud-init: 1024 SHA256:hkrty4RZDwPJpKxNucSsmLVrpJoZmCRZ4Rvm1lz8fYI root@ubuntu-bionic (DSA)
<14>May  6 20:45:52 cloud-init: 256 SHA256:A5awp8iv+awaNM02qzAuWum9ayHSr8hiPEnP+lK3Ius root@ubuntu-bionic (ECDSA)
<14>May  6 20:45:52 cloud-init: 256 SHA256:arqtdTg8xMjOM8NmyNCmyrR0SyKN1n24a3xqxkPGX0c root@ubuntu-bionic (ED25519)
<14>May  6 20:45:52 cloud-init: 2048 SHA256:UfIuBW7fN5QqCkVnBJUZ8idebBQ5zCyYkErBKOrIkbw root@ubuntu-bionic (RSA)
<14>May  6 20:45:52 cloud-init: -----END SSH HOST KEY FINGERPRINTS-----
<14>May  6 20:45:52 cloud-init: #############################################################
-----BEGIN SSH HOST KEY KEYS-----
ecdsa-sha2-nistp256 AAAAE2VjZHNhLXNoYTItbmlzdHAyNTYAAAAIbmlzdHAyNTYAAABBBBIOwqobAZkram3nb8Jyz5k6WhUCnELa6wCoqF5OSi3z2n0G+m9LaR6TXcF88rkg2ycaiCV1uRvAgFazMPCRjPQ= root@ubuntu-bionic
ssh-ed25519 AAAAC3NzaC1lZDI1NTE5AAAAIHhksB+ijnhb2y8V0Sk0YyOaN/KKdHWLi3LsNNgGzlKF root@ubuntu-bionic
ssh-rsa AAAAB3NzaC1yc2EAAAADAQABAAABAQDeLzSy28S0Hya1QPuoS4XTZc0Dte5dbl8Cre0VrF0PkCw50FSgqthpBlK7u321sTYhXqJnNp/K2uaZuNOfS9Y73x01ywpJ9I75OXGinIHQNeVJdeospDA701jCDKUFscnYKA2TSb8Gy/SFrVzNM4TQsWCOlkpNXO4dvyyyokOXdZ9I3OjMqM2+pbX2yMi6NKdaltlPfWh31FGUuCZ0dc4OWwiRTryReuEKuy31QZRuOWHQCyF///0rvCVLlsWXfQojcPhKUy3lfVS5Euv9aq1BaQa+DL6TbBHYmdEFNo9uikLeTI7KI/5WW9ehdBLiFyuhcn76jTG8RYMp4dETtjrH root@ubuntu-bionic
-----END SSH HOST KEY KEYS-----
[   22.659274] cloud-init[1860]: Cloud-init v. 23.1.2-0ubuntu0~18.04.1 running 'modules:final' at Mon, 06 May 2024 20:45:52 +0000. Up 22.43 seconds.
[   22.660446] cloud-init[1860]: Cloud-init v. 23.1.2-0ubuntu0~18.04.1 finished at Mon, 06 May 2024 20:45:52 +0000. Datasource DataSourceNoCloud [seed=/dev/sdb][dsmode=net].  Up 22.65 seconds
